// Jest Snapshot v1, https://goo.gl/fbAQLP

exports[`1 is 3 1`] = `3`;
